br/edu/ifsp/pep/network/NetworkManager$1.class
br/edu/ifsp/pep/network/NetworkManager.class
br/edu/ifsp/pep/model/Reino.class
br/edu/ifsp/pep/ui/UIManager.class
br/edu/ifsp/pep/network/GameMode.class
br/edu/ifsp/pep/logic/GameManager.class
br/edu/ifsp/pep/controller/MainController.class
br/edu/ifsp/pep/logic/OpponentAI.class
br/edu/ifsp/pep/model/Carta.class
br/edu/ifsp/pep/logic/AcaoOponente.class
br/edu/ifsp/pep/network/ConnectionType.class
br/edu/ifsp/pep/service/CartaService.class
br/edu/ifsp/pep/service/PerguntaService.class
br/edu/ifsp/pep/logic/GameManager$ResultadoTurnoOponente.class
br/edu/ifsp/pep/model/Turno.class
module-info.class
br/edu/ifsp/pep/logic/Opponent.class
br/edu/ifsp/pep/controller/MainController$1.class
br/edu/ifsp/pep/App.class
br/edu/ifsp/pep/ui/UIManager$1.class
br/edu/ifsp/pep/logic/GameManager$RespostaOponente.class
br/edu/ifsp/pep/model/Pergunta.class
br/edu/ifsp/pep/network/GameSetup.class
br/edu/ifsp/pep/controller/MainController$2.class
br/edu/ifsp/pep/logic/GameManager$PalpiteOponente.class
br/edu/ifsp/pep/network/ConnectionResult.class
br/edu/ifsp/pep/model/Equipe.class
