/home/joao/Documentos/github/CelulaSecreta/src/CelulaSecretaV2/src/main/java/br/edu/ifsp/pep/App.java
/home/joao/Documentos/github/CelulaSecreta/src/CelulaSecretaV2/src/main/java/br/edu/ifsp/pep/controller/MainController.java
/home/joao/Documentos/github/CelulaSecreta/src/CelulaSecretaV2/src/main/java/br/edu/ifsp/pep/logic/AcaoOponente.java
/home/joao/Documentos/github/CelulaSecreta/src/CelulaSecretaV2/src/main/java/br/edu/ifsp/pep/logic/GameManager.java
/home/joao/Documentos/github/CelulaSecreta/src/CelulaSecretaV2/src/main/java/br/edu/ifsp/pep/logic/Opponent.java
/home/joao/Documentos/github/CelulaSecreta/src/CelulaSecretaV2/src/main/java/br/edu/ifsp/pep/logic/OpponentAI.java
/home/joao/Documentos/github/CelulaSecreta/src/CelulaSecretaV2/src/main/java/br/edu/ifsp/pep/model/Carta.java
/home/joao/Documentos/github/CelulaSecreta/src/CelulaSecretaV2/src/main/java/br/edu/ifsp/pep/model/Equipe.java
/home/joao/Documentos/github/CelulaSecreta/src/CelulaSecretaV2/src/main/java/br/edu/ifsp/pep/model/Pergunta.java
/home/joao/Documentos/github/CelulaSecreta/src/CelulaSecretaV2/src/main/java/br/edu/ifsp/pep/model/Reino.java
/home/joao/Documentos/github/CelulaSecreta/src/CelulaSecretaV2/src/main/java/br/edu/ifsp/pep/model/Turno.java
/home/joao/Documentos/github/CelulaSecreta/src/CelulaSecretaV2/src/main/java/br/edu/ifsp/pep/network/ConnectionResult.java
/home/joao/Documentos/github/CelulaSecreta/src/CelulaSecretaV2/src/main/java/br/edu/ifsp/pep/network/ConnectionType.java
/home/joao/Documentos/github/CelulaSecreta/src/CelulaSecretaV2/src/main/java/br/edu/ifsp/pep/network/GameMode.java
/home/joao/Documentos/github/CelulaSecreta/src/CelulaSecretaV2/src/main/java/br/edu/ifsp/pep/network/GameSetup.java
/home/joao/Documentos/github/CelulaSecreta/src/CelulaSecretaV2/src/main/java/br/edu/ifsp/pep/network/NetworkManager.java
/home/joao/Documentos/github/CelulaSecreta/src/CelulaSecretaV2/src/main/java/br/edu/ifsp/pep/service/CartaService.java
/home/joao/Documentos/github/CelulaSecreta/src/CelulaSecretaV2/src/main/java/br/edu/ifsp/pep/service/PerguntaService.java
/home/joao/Documentos/github/CelulaSecreta/src/CelulaSecretaV2/src/main/java/br/edu/ifsp/pep/ui/UIManager.java
/home/joao/Documentos/github/CelulaSecreta/src/CelulaSecretaV2/src/main/java/module-info.java
